day 2026-09-20: 24 hour files
A. ORIGINAL ledger, two runs: 96929 of 1193201 wallet rows differ; cash sign flips (skill = cash > 0): 4
B. DETERMINISTIC ledger: run1 threads 3 rows 1193201 sha256 123487ab288c389efd47effc3ae7c15acac4b8402a4789b9b8937d761df6a9c5
B. DETERMINISTIC ledger: run2 threads 1 rows 1193201 sha256 123487ab288c389efd47effc3ae7c15acac4b8402a4789b9b8937d761df6a9c5
B. file sha256 equal: True
B. every buy/sell/cash value is an integer multiple of 2^-20: True
2026-08-14 12 380660 1.8
2026-08-15 24 512062 2.7
2026-08-16 24 460624 2.7
2026-08-17 24 619773 5.1
2026-08-18 24 727061 3.5
2026-08-19 24 829557 3.4
2026-08-20 24 781970 4.0
2026-08-21 24 874868 3.5
2026-08-22 24 819741 3.0
2026-08-23 24 779383 3.1
2026-08-24 24 908465 3.4
2026-08-25 24 902824 4.0
2026-08-26 24 844618 3.9
2026-08-27 24 835200 4.0
2026-08-28 12 476294 1.6
2026-09-03 12 627820 1.7
2026-09-04 24 858398 5.0
2026-09-05 24 758855 4.2
2026-09-06 24 787778 3.8
2026-09-07 24 963175 4.3
2026-09-08 24 945915 6.2
2026-09-09 24 1044851 6.4
2026-09-10 24 1018572 3.9
2026-09-11 24 1047708 4.6
2026-09-12 24 940248 5.7
2026-09-13 24 919930 5.1
2026-09-14 24 976753 4.8
2026-09-15 12 534316 2.5
2026-09-18 1 165316 0.4
2026-09-19 24 1371043 7.1
2026-09-20 24 1193201 3.6
2026-09-21 24 1249543 3.6
2026-09-22 24 1074690 3.5
2026-09-23 24 1025664 3.3
2026-09-24 24 1023974 3.6
2026-09-25 7 348555 0.8
done
2026-08-14 12 380660 3.0
2026-08-15 24 512062 4.6
2026-08-16 24 460624 5.0
2026-08-17 24 619773 5.5
2026-08-18 24 727061 6.0
2026-08-19 24 829557 8.2
2026-08-20 24 781970 6.6
2026-08-21 24 874868 6.5
2026-08-22 24 819741 6.0
2026-08-23 24 779383 6.2
2026-08-24 24 908465 7.0
2026-08-25 24 902824 7.3
2026-08-26 24 844618 7.3
2026-08-27 24 835200 7.5
2026-08-28 12 476294 3.5
2026-09-03 12 627820 3.3
2026-09-04 24 858398 5.5
2026-09-05 24 758855 5.6
2026-09-06 24 787778 5.4
2026-09-07 24 963175 6.6
2026-09-08 24 945915 7.3
2026-09-09 24 1044851 8.9
2026-09-10 24 1018572 8.0
2026-09-11 24 1047708 7.4
2026-09-12 24 940248 6.9
2026-09-13 24 919930 6.3
2026-09-14 24 976753 6.7
2026-09-15 12 534316 3.0
2026-09-18 1 165316 0.3
2026-09-19 24 1371043 7.4
2026-09-20 24 1193201 7.1
2026-09-21 24 1249543 7.0
2026-09-22 24 1074690 6.5
2026-09-23 24 1025664 6.5
2026-09-24 24 1023974 6.1
2026-09-25 7 348555 1.6
done
C. 36 tape days, two full builds (threads 3 and 1): 36 files, all sha256 equal: True
C. pass-A prior-day aggregation over 35 days, 5 runs (threads 3,3,2,1,1): hashes ['40f5d0ca2a059a1b69bd7ad4d623c7098b628212c6b42c99a6bff1ce1e2bdf37'] -> equal: True
C. aggregated cash equals the exact integer reference on all 13812176 wallets: True
RESULT PASS
